// Jest Snapshot v1, https://goo.gl/fbAQLP

exports[`<Button /> should render properly 1`] = `
.c0 {
  display: -webkit-inline-box;
  display: -webkit-inline-flex;
  display: -ms-inline-flexbox;
  display: inline-flex;
  -webkit-align-items: center;
  -webkit-box-align: center;
  -ms-flex-align: center;
  align-items: center;
  padding: 0.5rem;
  color: #fefefe;
  background-color: #00afc8;
  border: none;
  outline: none;
  border-radius: 3px;
  min-width: 60px;
}

.c0:hover:enabled {
  cursor: pointer;
  background-color: #10defb;
}

.c0:disabled {
  opacity: 0.4;
}

.c0:disabled:hover {
  cursor: not-allowed;
}

<button
  class="c0"
>
  Click Me
</button>
`;
